Number overflow in cycle: 46
Number overflow in cycle: 53
Write $0 error in cycle: 55
Number overflow in cycle: 129
Number overflow in cycle: 136
Write $0 error in cycle: 138
Number overflow in cycle: 212
Number overflow in cycle: 219
Write $0 error in cycle: 221
Number overflow in cycle: 295
Number overflow in cycle: 302
Write $0 error in cycle: 304
Number overflow in cycle: 378
Number overflow in cycle: 385
Write $0 error in cycle: 387
Number overflow in cycle: 461
Number overflow in cycle: 468
Write $0 error in cycle: 470
Number overflow in cycle: 544
Number overflow in cycle: 551
Write $0 error in cycle: 553
Number overflow in cycle: 627
Number overflow in cycle: 634
Write $0 error in cycle: 636
Number overflow in cycle: 710
Number overflow in cycle: 717
Write $0 error in cycle: 719
Number overflow in cycle: 793
Number overflow in cycle: 800
Write $0 error in cycle: 802
Number overflow in cycle: 876
Number overflow in cycle: 883
Write $0 error in cycle: 885
Number overflow in cycle: 959
Number overflow in cycle: 966
Write $0 error in cycle: 968
Number overflow in cycle: 1042
Number overflow in cycle: 1049
Write $0 error in cycle: 1051
