Write $0 error in cycle: 7
Write $0 error in cycle: 8
Write $0 error in cycle: 9
Write $0 error in cycle: 10
Write $0 error in cycle: 11
Write $0 error in cycle: 12
Write $0 error in cycle: 30
Write $0 error in cycle: 31
Write $0 error in cycle: 32
Write $0 error in cycle: 33
Write $0 error in cycle: 34
Write $0 error in cycle: 35
Write $0 error in cycle: 53
Write $0 error in cycle: 54
Write $0 error in cycle: 55
Write $0 error in cycle: 56
Write $0 error in cycle: 57
Write $0 error in cycle: 58
Write $0 error in cycle: 76
Write $0 error in cycle: 77
Write $0 error in cycle: 78
Write $0 error in cycle: 79
Write $0 error in cycle: 80
Write $0 error in cycle: 81
Write $0 error in cycle: 99
Write $0 error in cycle: 100
Write $0 error in cycle: 101
Write $0 error in cycle: 102
Write $0 error in cycle: 103
Write $0 error in cycle: 104
Write $0 error in cycle: 122
Write $0 error in cycle: 123
Write $0 error in cycle: 124
Write $0 error in cycle: 125
Write $0 error in cycle: 126
Write $0 error in cycle: 127
Write $0 error in cycle: 145
Write $0 error in cycle: 146
Write $0 error in cycle: 147
Write $0 error in cycle: 148
Write $0 error in cycle: 149
Write $0 error in cycle: 150
Write $0 error in cycle: 168
Write $0 error in cycle: 169
Write $0 error in cycle: 170
Write $0 error in cycle: 171
Write $0 error in cycle: 172
Write $0 error in cycle: 173
Write $0 error in cycle: 191
Write $0 error in cycle: 192
Write $0 error in cycle: 193
Write $0 error in cycle: 194
Write $0 error in cycle: 195
Write $0 error in cycle: 196
Write $0 error in cycle: 214
Write $0 error in cycle: 215
Write $0 error in cycle: 216
Write $0 error in cycle: 217
Write $0 error in cycle: 218
Write $0 error in cycle: 219
Number overflow in cycle: 236
Number overflow in cycle: 240
Number overflow in cycle: 256
Address overflow in cycle: 266
