Write $0 error in cycle: 5
Write $0 error in cycle: 6
Write $0 error in cycle: 7
Write $0 error in cycle: 8
Write $0 error in cycle: 9
Write $0 error in cycle: 10
Write $0 error in cycle: 11
Write $0 error in cycle: 12
Write $0 error in cycle: 13
Write $0 error in cycle: 14
Write $0 error in cycle: 15
Write $0 error in cycle: 16
Write $0 error in cycle: 17
Write $0 error in cycle: 18
Write $0 error in cycle: 19
Write $0 error in cycle: 20
Write $0 error in cycle: 21
Write $0 error in cycle: 22
Write $0 error in cycle: 23
Write $0 error in cycle: 24
Write $0 error in cycle: 25
Write $0 error in cycle: 45
Write $0 error in cycle: 65
Write $0 error in cycle: 85
Write $0 error in cycle: 105
Write $0 error in cycle: 125
Write $0 error in cycle: 145
Write $0 error in cycle: 165
Write $0 error in cycle: 185
Write $0 error in cycle: 205
Write $0 error in cycle: 225
Write $0 error in cycle: 245
Write $0 error in cycle: 323
Write $0 error in cycle: 332
Write $0 error in cycle: 341
Write $0 error in cycle: 350
Write $0 error in cycle: 359
Write $0 error in cycle: 368
Write $0 error in cycle: 377
Write $0 error in cycle: 386
Write $0 error in cycle: 395
Write $0 error in cycle: 404
Write $0 error in cycle: 413
Write $0 error in cycle: 422
Write $0 error in cycle: 431
Write $0 error in cycle: 440
Write $0 error in cycle: 449
Write $0 error in cycle: 458
Write $0 error in cycle: 467
Write $0 error in cycle: 476
Write $0 error in cycle: 485
Write $0 error in cycle: 494
Write $0 error in cycle: 503
Write $0 error in cycle: 512
Write $0 error in cycle: 521
Write $0 error in cycle: 530
Write $0 error in cycle: 539
Write $0 error in cycle: 548
Write $0 error in cycle: 557
Write $0 error in cycle: 566
Write $0 error in cycle: 575
Number overflow in cycle: 579
Number overflow in cycle: 580
Write $0 error in cycle: 644
Address overflow in cycle: 644
Misalignment error in cycle: 644
Number overflow in cycle: 644
