Write $0 error in cycle: 23
Write $0 error in cycle: 24
Write $0 error in cycle: 25
Write $0 error in cycle: 26
Write $0 error in cycle: 27
Write $0 error in cycle: 28
Write $0 error in cycle: 29
Write $0 error in cycle: 31
Write $0 error in cycle: 34
Write $0 error in cycle: 35
Write $0 error in cycle: 36
Write $0 error in cycle: 37
Write $0 error in cycle: 39
Write $0 error in cycle: 40
Write $0 error in cycle: 41
Write $0 error in cycle: 42
Write $0 error in cycle: 43
Write $0 error in cycle: 44
Write $0 error in cycle: 45
Write $0 error in cycle: 46
Write $0 error in cycle: 47
Write $0 error in cycle: 48
Number overflow in cycle: 104
Number overflow in cycle: 105
Write $0 error in cycle: 106
Write $0 error in cycle: 107
Number overflow in cycle: 107
Number overflow in cycle: 108
Write $0 error in cycle: 109
Number overflow in cycle: 109
Write $0 error in cycle: 110
Write $0 error in cycle: 135
Number overflow in cycle: 168
Number overflow in cycle: 169
Write $0 error in cycle: 170
Address overflow in cycle: 170
Misalignment error in cycle: 170
Number overflow in cycle: 170
